// Bun Snapshot v1, https://goo.gl/fbAQLP

exports[`priority plan 1`] = `
"flowchart LR

1
2
3
4
5
6
7
8

1 --> 2
1 --> 3
2 --> 3
2 --> 6
3 --> 4
5 --> 6
7 --> 8
"
`;

exports[`export manager states 1`] = `"{"indexes":["1","2","3","4","5","6","7","8"],"relations":[["1","2"],["1","3"],["2","3"],["3","4"],["5","6"],["2","6"],["7","8"]],"jobStates":{}}"`;

exports[`custom job 1`] = `
Map {
  "1" => 1,
  "2" => Response (3 bytes) {
    ok: true,
    url: "",
    headers: Headers {},
    statusText: "",
    redirected: false,
    bodyUsed: false,
    status: 200,
    Blob (3 bytes)
  },
  "3" => "1 + [1] + 3",
}
`;

exports[`custom storage service 1`] = `
Map {
  "1" => 1,
  "2" => Response (3 bytes) {
    ok: true,
    url: "",
    headers: Headers {},
    statusText: "",
    redirected: false,
    bodyUsed: false,
    status: 200,
    Blob (3 bytes)
  },
  "3" => "1 + [1] + 3",
}
`;
